MO entprellt NULL ../../entprellt.v vlg1E/entprellt.bin 1512911791
MO increaseDigit NULL ../increaseDigit.v vlg13/increase_digit.bin 1512911791
MO top NULL ../top.v vlg6F/top.bin 1512911791
MO counter NULL ../counter.v vlg10/counter.bin 1512911791
MO siebensegment NULL ../siebensegment.v vlg25/siebensegment.bin 1512911791
MO bcd NULL ../../bcd.v vlg65/bcd.bin 1512911791
